[0.000000] (-) TimerEvent: {}
[0.002090] (-) JobUnselected: {'identifier': 'openarm'}
[0.002385] (-) JobUnselected: {'identifier': 'openarm_bimanual_moveit_config'}
[0.002548] (-) JobUnselected: {'identifier': 'openarm_bringup'}
[0.004755] (-) JobUnselected: {'identifier': 'openarm_can'}
[0.005094] (-) JobUnselected: {'identifier': 'openarm_description'}
[0.005248] (-) JobUnselected: {'identifier': 'openarm_hardware'}
[0.005418] (openarm_p_p) JobQueued: {'identifier': 'openarm_p_p', 'dependencies': OrderedDict()}
[0.005565] (openarm_p_p) JobStarted: {'identifier': 'openarm_p_p'}
[0.050433] (openarm_p_p) JobProgress: {'identifier': 'openarm_p_p', 'progress': 'cmake'}
[0.055179] (openarm_p_p) Command: {'cmd': ['/usr/bin/cmake', '/home/endika/Documents/openarm_ros2/openarm_p_p', '-DCMAKE_INSTALL_PREFIX=/home/endika/Documents/openarm_ros2/install/openarm_p_p'], 'cwd': '/home/endika/Documents/openarm_ros2/build/openarm_p_p', 'env': OrderedDict([('LESSOPEN', '| /usr/bin/lesspipe %s'), ('LANGUAGE', 'es:en'), ('USER', 'endika'), ('LC_TIME', 'es_ES.UTF-8'), ('XDG_SESSION_TYPE', 'wayland'), ('GIT_ASKPASS', '/usr/share/code/resources/app/extensions/git/dist/askpass.sh'), ('SHLVL', '2'), ('LD_LIBRARY_PATH', '/usr/lib/x86_64-linux-gnu/gazebo-11/plugins:/opt/ros/humble/opt/rviz_ogre_vendor/lib:/opt/ros/humble/lib/x86_64-linux-gnu:/opt/ros/humble/lib:/home/endika/Documents/openarm_ros2/install/openarm_hardware/lib:/opt/unitree_robotics/lib:/home/endika//mujoco-3.2.7/build/bin:/usr/lib/nvidia'), ('HOME', '/home/endika'), ('CHROME_DESKTOP', 'code.desktop'), ('CYCLONEDDS_URI', '/home/endika/unitree_mujoco_ros/cyclonedds.xml'), ('OLDPWD', '/opt/ros/humble/lib/python3.10/site-packages'), ('TERM_PROGRAM_VERSION', '1.104.1'), ('DESKTOP_SESSION', 'ubuntu'), ('ROS_PYTHON_VERSION', '3'), ('GNOME_SHELL_SESSION_MODE', 'ubuntu'), ('GTK_MODULES', 'gail:atk-bridge'), ('VSCODE_GIT_ASKPASS_MAIN', '/usr/share/code/resources/app/extensions/git/dist/askpass-main.js'), ('LC_MONETARY', 'es_ES.UTF-8'), ('VSCODE_GIT_ASKPASS_NODE', '/usr/share/code/code'), ('DBUS_STARTER_BUS_TYPE', 'session'), ('SYSTEMD_EXEC_PID', '1656'), ('VSCODE_PYTHON_AUTOACTIVATE_GUARD', '1'), ('DBUS_SESSION_BUS_ADDRESS', 'unix:path=/run/user/1000/bus,guid=e7f36667f5d09a2efe8ca88868cc5bf1'), ('COLORTERM', 'truecolor'), ('IM_CONFIG_PHASE', '1'), ('WAYLAND_DISPLAY', 'wayland-0'), ('COLCON_PREFIX_PATH', '/home/endika/Documents/openarm_ros2/install'), ('ROS_DISTRO', 'humble'), ('LOGNAME', 'endika'), ('_', '/usr/bin/colcon'), ('ROS_VERSION', '2'), ('XDG_SESSION_CLASS', 'user'), ('USERNAME', 'endika'), ('TERM', 'xterm-256color'), ('GNOME_DESKTOP_SESSION_ID', 'this-is-deprecated'), ('ROS_LOCALHOST_ONLY', '0'), ('PATH', '/opt/ros/humble/bin:/home/endika/Documents/openarm_ros2/install/openarm_p_p/bin:/opt/unitree_robotics/lib:/home/endika//mujoco-3.2.7/build/bin:/usr/lib/nvidia:/opt/unitree_robotics/lib:/home/endika//mujoco-3.2.7/build/bin:/usr/lib/nvidia:/home/endika/.local/bin:/usr/local/sbin:/usr/local/bin:/usr/sbin:/usr/bin:/sbin:/bin:/usr/games:/usr/local/games:/snap/bin:/snap/bin:/home/endika/.config/Code/User/globalStorage/github.copilot-chat/debugCommand'), ('SESSION_MANAGER', 'local/endika-Ubuntu:@/tmp/.ICE-unix/1656,unix/endika-Ubuntu:/tmp/.ICE-unix/1656'), ('PAPERSIZE', 'a4'), ('XDG_MENU_PREFIX', 'gnome-'), ('LC_ADDRESS', 'es_ES.UTF-8'), ('GNOME_TERMINAL_SCREEN', '/org/gnome/Terminal/screen/cb4ef936_e7b2_4877_a30c_f177ef179d01'), ('GNOME_SETUP_DISPLAY', ':1'), ('XDG_RUNTIME_DIR', '/run/user/1000'), ('GDK_BACKEND', 'x11'), ('DISPLAY', ':0'), ('LANG', 'es_ES.UTF-8'), ('XDG_CURRENT_DESKTOP', 'Unity'), ('LC_TELEPHONE', 'es_ES.UTF-8'), ('RMW_IMPLEMENTATION', 'rmw_cyclonedds_cpp'), ('XMODIFIERS', '@im=ibus'), ('XDG_SESSION_DESKTOP', 'ubuntu'), ('XAUTHORITY', '/run/user/1000/.mutter-Xwaylandauth.4LF0C3'), ('LS_COLORS', 'rs=0:di=01;34:ln=01;36:mh=00:pi=40;33:so=01;35:do=01;35:bd=40;33;01:cd=40;33;01:or=40;31;01:mi=00:su=37;41:sg=30;43:ca=30;41:tw=30;42:ow=34;42:st=37;44:ex=01;32:*.tar=01;31:*.tgz=01;31:*.arc=01;31:*.arj=01;31:*.taz=01;31:*.lha=01;31:*.lz4=01;31:*.lzh=01;31:*.lzma=01;31:*.tlz=01;31:*.txz=01;31:*.tzo=01;31:*.t7z=01;31:*.zip=01;31:*.z=01;31:*.dz=01;31:*.gz=01;31:*.lrz=01;31:*.lz=01;31:*.lzo=01;31:*.xz=01;31:*.zst=01;31:*.tzst=01;31:*.bz2=01;31:*.bz=01;31:*.tbz=01;31:*.tbz2=01;31:*.tz=01;31:*.deb=01;31:*.rpm=01;31:*.jar=01;31:*.war=01;31:*.ear=01;31:*.sar=01;31:*.rar=01;31:*.alz=01;31:*.ace=01;31:*.zoo=01;31:*.cpio=01;31:*.7z=01;31:*.rz=01;31:*.cab=01;31:*.wim=01;31:*.swm=01;31:*.dwm=01;31:*.esd=01;31:*.jpg=01;35:*.jpeg=01;35:*.mjpg=01;35:*.mjpeg=01;35:*.gif=01;35:*.bmp=01;35:*.pbm=01;35:*.pgm=01;35:*.ppm=01;35:*.tga=01;35:*.xbm=01;35:*.xpm=01;35:*.tif=01;35:*.tiff=01;35:*.png=01;35:*.svg=01;35:*.svgz=01;35:*.mng=01;35:*.pcx=01;35:*.mov=01;35:*.mpg=01;35:*.mpeg=01;35:*.m2v=01;35:*.mkv=01;35:*.webm=01;35:*.webp=01;35:*.ogm=01;35:*.mp4=01;35:*.m4v=01;35:*.mp4v=01;35:*.vob=01;35:*.qt=01;35:*.nuv=01;35:*.wmv=01;35:*.asf=01;35:*.rm=01;35:*.rmvb=01;35:*.flc=01;35:*.avi=01;35:*.fli=01;35:*.flv=01;35:*.gl=01;35:*.dl=01;35:*.xcf=01;35:*.xwd=01;35:*.yuv=01;35:*.cgm=01;35:*.emf=01;35:*.ogv=01;35:*.ogx=01;35:*.aac=00;36:*.au=00;36:*.flac=00;36:*.m4a=00;36:*.mid=00;36:*.midi=00;36:*.mka=00;36:*.mp3=00;36:*.mpc=00;36:*.ogg=00;36:*.ra=00;36:*.wav=00;36:*.oga=00;36:*.opus=00;36:*.spx=00;36:*.xspf=00;36:'), ('VSCODE_GIT_IPC_HANDLE', '/run/user/1000/vscode-git-9caccb8879.sock'), ('GNOME_TERMINAL_SERVICE', ':1.107'), ('TERM_PROGRAM', 'vscode'), ('SSH_AGENT_LAUNCHER', 'gnome-keyring'), ('SSH_AUTH_SOCK', '/run/user/1000/keyring/ssh'), ('AMENT_PREFIX_PATH', '/opt/ros/humble:/home/endika/Documents/openarm_ros2/install/openarm_p_p:/home/endika/Documents/openarm_ros2/install/openarm:/home/endika/Documents/openarm_ros2/install/openarm_hardware:/home/endika/Documents/openarm_ros2/install/openarm_bimanual_moveit_config:/home/endika/Documents/openarm_ros2/install/openarm_description:/home/endika/Documents/openarm_ros2/install/openarm_bringup'), ('ORIGINAL_XDG_CURRENT_DESKTOP', 'ubuntu:GNOME'), ('SHELL', '/bin/bash'), ('LC_NAME', 'es_ES.UTF-8'), ('QT_ACCESSIBILITY', '1'), ('GDMSESSION', 'ubuntu'), ('LESSCLOSE', '/usr/bin/lesspipe %s %s'), ('LC_MEASUREMENT', 'es_ES.UTF-8'), ('LC_IDENTIFICATION', 'es_ES.UTF-8'), ('VSCODE_GIT_ASKPASS_EXTRA_ARGS', ''), ('GIT_PAGER', 'cat'), ('QT_IM_MODULE', 'ibus'), ('PWD', '/home/endika/Documents/openarm_ros2/build/openarm_p_p'), ('LC_ALL', 'en_US.UTF-8'), ('XDG_CONFIG_DIRS', '/etc/xdg/xdg-ubuntu:/etc/xdg'), ('DBUS_STARTER_ADDRESS', 'unix:path=/run/user/1000/bus,guid=e7f36667f5d09a2efe8ca88868cc5bf1'), ('XDG_DATA_DIRS', '/usr/share/ubuntu:/usr/local/share/:/usr/share/:/var/lib/snapd/desktop'), ('PYTHONPATH', '/opt/ros/humble/lib/python3.10/site-packages:/opt/ros/humble/local/lib/python3.10/dist-packages:/home/endika/Documents/openarm_ros2/build/openarm_p_p:/home/endika/Documents/openarm_ros2/install/openarm_p_p/lib/python3.10/site-packages'), ('LC_NUMERIC', 'es_ES.UTF-8'), ('LC_PAPER', 'es_ES.UTF-8'), ('COLCON', '1'), ('VTE_VERSION', '6800'), ('CMAKE_PREFIX_PATH', '/home/endika/Documents/openarm_ros2/install/openarm:/home/endika/Documents/openarm_ros2/install/openarm_hardware:/home/endika/Documents/openarm_ros2/install/openarm_bimanual_moveit_config:/home/endika/Documents/openarm_ros2/install/openarm_description:/home/endika/Documents/openarm_ros2/install/openarm_can:/home/endika/Documents/openarm_ros2/install/openarm_bringup')]), 'shell': False}
[0.098175] (-) TimerEvent: {}
[0.202766] (-) TimerEvent: {}
[0.305942] (-) TimerEvent: {}
[0.408602] (-) TimerEvent: {}
[0.497802] (openarm_p_p) StdoutLine: {'line': b'-- The C compiler identification is GNU 11.4.0\n'}
[0.510612] (-) TimerEvent: {}
[0.613576] (-) TimerEvent: {}
[0.718079] (-) TimerEvent: {}
[0.819143] (-) TimerEvent: {}
[0.914513] (openarm_p_p) StdoutLine: {'line': b'-- The CXX compiler identification is GNU 11.4.0\n'}
[0.922592] (-) TimerEvent: {}
[0.995487] (openarm_p_p) StdoutLine: {'line': b'-- Detecting C compiler ABI info\n'}
[1.026550] (-) TimerEvent: {}
[1.129900] (-) TimerEvent: {}
[1.231017] (-) TimerEvent: {}
[1.333425] (-) TimerEvent: {}
[1.440512] (-) TimerEvent: {}
[1.544535] (-) TimerEvent: {}
[1.624642] (openarm_p_p) StdoutLine: {'line': b'-- Detecting C compiler ABI info - done\n'}
[1.646915] (-) TimerEvent: {}
[1.700931] (openarm_p_p) StdoutLine: {'line': b'-- Check for working C compiler: /usr/bin/cc - skipped\n'}
[1.713634] (openarm_p_p) StdoutLine: {'line': b'-- Detecting C compile features\n'}
[1.718725] (openarm_p_p) StdoutLine: {'line': b'-- Detecting C compile features - done\n'}
[1.750570] (-) TimerEvent: {}
[1.776952] (openarm_p_p) StdoutLine: {'line': b'-- Detecting CXX compiler ABI info\n'}
[1.857600] (-) TimerEvent: {}
[1.964552] (-) TimerEvent: {}
[2.066097] (-) TimerEvent: {}
[2.172938] (-) TimerEvent: {}
[2.282501] (-) TimerEvent: {}
[2.366732] (openarm_p_p) StdoutLine: {'line': b'-- Detecting CXX compiler ABI info - done\n'}
[2.387392] (-) TimerEvent: {}
[2.480814] (openarm_p_p) StdoutLine: {'line': b'-- Check for working CXX compiler: /usr/bin/c++ - skipped\n'}
[2.485549] (openarm_p_p) StdoutLine: {'line': b'-- Detecting CXX compile features\n'}
[2.489339] (-) TimerEvent: {}
[2.491870] (openarm_p_p) StdoutLine: {'line': b'-- Detecting CXX compile features - done\n'}
[2.518406] (openarm_p_p) StdoutLine: {'line': b'-- Found ament_cmake: 1.3.12 (/opt/ros/humble/share/ament_cmake/cmake)\n'}
[2.592876] (-) TimerEvent: {}
[2.696478] (-) TimerEvent: {}
[2.797116] (-) TimerEvent: {}
[2.900414] (-) TimerEvent: {}
[3.002012] (-) TimerEvent: {}
[3.105775] (-) TimerEvent: {}
[3.215057] (-) TimerEvent: {}
[3.319592] (-) TimerEvent: {}
[3.422256] (-) TimerEvent: {}
[3.529656] (-) TimerEvent: {}
[3.634957] (-) TimerEvent: {}
[3.741560] (-) TimerEvent: {}
[3.842772] (-) TimerEvent: {}
[3.863671] (openarm_p_p) StdoutLine: {'line': b'-- Found Python3: /usr/bin/python3 (found version "3.10.12") found components: Interpreter \n'}
[3.944524] (-) TimerEvent: {}
[4.047450] (-) TimerEvent: {}
[4.150764] (-) TimerEvent: {}
[4.259850] (-) TimerEvent: {}
[4.360605] (-) TimerEvent: {}
[4.433918] (openarm_p_p) StdoutLine: {'line': b'-- Found rclcpp: 16.0.14 (/opt/ros/humble/share/rclcpp/cmake)\n'}
[4.462564] (-) TimerEvent: {}
[4.565774] (-) TimerEvent: {}
[4.669481] (-) TimerEvent: {}
[4.776379] (-) TimerEvent: {}
[4.833159] (openarm_p_p) StdoutLine: {'line': b'-- Found rosidl_generator_c: 3.1.7 (/opt/ros/humble/share/rosidl_generator_c/cmake)\n'}
[4.863193] (openarm_p_p) StdoutLine: {'line': b'-- Found rosidl_adapter: 3.1.7 (/opt/ros/humble/share/rosidl_adapter/cmake)\n'}
[4.878439] (-) TimerEvent: {}
[4.929394] (openarm_p_p) StdoutLine: {'line': b'-- Found rosidl_generator_cpp: 3.1.7 (/opt/ros/humble/share/rosidl_generator_cpp/cmake)\n'}
[4.983523] (-) TimerEvent: {}
[5.021074] (openarm_p_p) StdoutLine: {'line': b'-- Using all available rosidl_typesupport_c: rosidl_typesupport_fastrtps_c;rosidl_typesupport_introspection_c\n'}
[5.083893] (-) TimerEvent: {}
[5.144683] (openarm_p_p) StdoutLine: {'line': b'-- Using all available rosidl_typesupport_cpp: rosidl_typesupport_fastrtps_cpp;rosidl_typesupport_introspection_cpp\n'}
[5.186073] (-) TimerEvent: {}
[5.286901] (-) TimerEvent: {}
[5.394612] (-) TimerEvent: {}
[5.498650] (-) TimerEvent: {}
[5.602506] (-) TimerEvent: {}
[5.706386] (-) TimerEvent: {}
[5.807150] (-) TimerEvent: {}
[5.830543] (openarm_p_p) StdoutLine: {'line': b'-- Found rmw_implementation_cmake: 6.1.2 (/opt/ros/humble/share/rmw_implementation_cmake/cmake)\n'}
[5.868890] (openarm_p_p) StdoutLine: {'line': b'-- Found rmw_cyclonedds_cpp: 1.3.4 (/opt/ros/humble/share/rmw_cyclonedds_cpp/cmake)\n'}
[5.913384] (-) TimerEvent: {}
[6.019397] (-) TimerEvent: {}
[6.125391] (-) TimerEvent: {}
[6.227158] (-) TimerEvent: {}
[6.333454] (-) TimerEvent: {}
[6.399533] (openarm_p_p) StdoutLine: {'line': b"-- Using RMW implementation 'rmw_cyclonedds_cpp' as default\n"}
[6.438420] (-) TimerEvent: {}
[6.540588] (-) TimerEvent: {}
[6.594961] (openarm_p_p) StdoutLine: {'line': b'-- Looking for pthread.h\n'}
[6.646520] (-) TimerEvent: {}
[6.752458] (-) TimerEvent: {}
[6.857572] (-) TimerEvent: {}
[6.966561] (-) TimerEvent: {}
[7.068008] (-) TimerEvent: {}
[7.176461] (-) TimerEvent: {}
[7.278501] (-) TimerEvent: {}
[7.380151] (-) TimerEvent: {}
[7.489572] (-) TimerEvent: {}
[7.593624] (-) TimerEvent: {}
[7.698536] (-) TimerEvent: {}
[7.803120] (-) TimerEvent: {}
[7.877528] (openarm_p_p) StdoutLine: {'line': b'-- Looking for pthread.h - found\n'}
[7.887397] (openarm_p_p) StdoutLine: {'line': b'-- Performing Test CMAKE_HAVE_LIBC_PTHREAD\n'}
[7.909515] (-) TimerEvent: {}
[8.012523] (-) TimerEvent: {}
[8.118817] (-) TimerEvent: {}
[8.227810] (-) TimerEvent: {}
[8.332158] (-) TimerEvent: {}
[8.440369] (openarm_p_p) StdoutLine: {'line': b'-- Performing Test CMAKE_HAVE_LIBC_PTHREAD - Success\n'}
[8.441337] (-) TimerEvent: {}
[8.453236] (openarm_p_p) StdoutLine: {'line': b'-- Found Threads: TRUE  \n'}
[8.545389] (-) TimerEvent: {}
[8.648543] (-) TimerEvent: {}
[8.750592] (-) TimerEvent: {}
[8.786946] (openarm_p_p) StdoutLine: {'line': b'-- Found rclcpp_action: 16.0.14 (/opt/ros/humble/share/rclcpp_action/cmake)\n'}
[8.862381] (-) TimerEvent: {}
[8.963308] (-) TimerEvent: {}
[9.016547] (openarm_p_p) StdoutLine: {'line': b'-- Found moveit_core: 2.5.9 (/opt/ros/humble/share/moveit_core/cmake)\n'}
[9.069501] (-) TimerEvent: {}
[9.172378] (-) TimerEvent: {}
[9.275956] (-) TimerEvent: {}
[9.377543] (-) TimerEvent: {}
[9.397381] (openarm_p_p) StdoutLine: {'line': b'-- Found Boost: /usr/lib/x86_64-linux-gnu/cmake/Boost-1.74.0/BoostConfig.cmake (found version "1.74.0") found components: chrono date_time filesystem iostreams program_options regex serialization system thread \n'}
[9.481122] (-) TimerEvent: {}
[9.587296] (-) TimerEvent: {}
[9.695390] (-) TimerEvent: {}
[9.796090] (-) TimerEvent: {}
[9.906512] (-) TimerEvent: {}
[10.011623] (-) TimerEvent: {}
[10.115374] (-) TimerEvent: {}
[10.221480] (openarm_p_p) StdoutLine: {'line': b'-- Found parameter_traits: 0.5.0 (/opt/ros/humble/share/parameter_traits/cmake)\n'}
[10.222426] (-) TimerEvent: {}
[10.323623] (-) TimerEvent: {}
[10.395460] (openarm_p_p) StdoutLine: {'line': b'-- Found rclcpp_lifecycle: 16.0.14 (/opt/ros/humble/share/rclcpp_lifecycle/cmake)\n'}
[10.423877] (-) TimerEvent: {}
[10.525173] (-) TimerEvent: {}
[10.631540] (-) TimerEvent: {}
[10.706314] (openarm_p_p) StdoutLine: {'line': b'-- Found Boost: /usr/lib/x86_64-linux-gnu/cmake/Boost-1.74.0/BoostConfig.cmake (found version "1.74.0") found components: filesystem \n'}
[10.734575] (-) TimerEvent: {}
[10.838628] (-) TimerEvent: {}
[10.945589] (-) TimerEvent: {}
[11.048757] (-) TimerEvent: {}
[11.154431] (-) TimerEvent: {}
[11.255189] (-) TimerEvent: {}
[11.361995] (-) TimerEvent: {}
[11.467498] (-) TimerEvent: {}
[11.569188] (-) TimerEvent: {}
[11.672811] (-) TimerEvent: {}
[11.778002] (-) TimerEvent: {}
[11.886914] (-) TimerEvent: {}
[11.891655] (openarm_p_p) StdoutLine: {'line': b'-- library: /usr/lib/x86_64-linux-gnu/libcurl.so\n'}
[11.987233] (-) TimerEvent: {}
[12.092904] (-) TimerEvent: {}
[12.200661] (-) TimerEvent: {}
[12.308480] (-) TimerEvent: {}
[12.408560] (openarm_p_p) StdoutLine: {'line': b'-- Found Eigen3: TRUE (found version "3.4.0") \n'}
[12.409126] (-) TimerEvent: {}
[12.413580] (openarm_p_p) StdoutLine: {'line': b'-- Ensuring Eigen3 include directory is part of orocos-kdl CMake target\n'}
[12.512646] (-) TimerEvent: {}
[12.616521] (-) TimerEvent: {}
[12.722411] (-) TimerEvent: {}
[12.826563] (-) TimerEvent: {}
[12.932371] (-) TimerEvent: {}
[13.032929] (-) TimerEvent: {}
[13.133735] (-) TimerEvent: {}
[13.236562] (-) TimerEvent: {}
[13.340406] (-) TimerEvent: {}
[13.448529] (-) TimerEvent: {}
[13.549575] (-) TimerEvent: {}
[13.652547] (-) TimerEvent: {}
[13.753326] (-) TimerEvent: {}
[13.859806] (-) TimerEvent: {}
[13.960624] (-) TimerEvent: {}
[14.066755] (-) TimerEvent: {}
[14.173235] (-) TimerEvent: {}
[14.279507] (-) TimerEvent: {}
[14.380244] (-) TimerEvent: {}
[14.486542] (-) TimerEvent: {}
[14.588718] (-) TimerEvent: {}
[14.690472] (-) TimerEvent: {}
[14.696717] (openarm_p_p) StdoutLine: {'line': b'-- Found moveit_ros_planning_interface: 2.5.9 (/opt/ros/humble/share/moveit_ros_planning_interface/cmake)\n'}
[14.731273] (openarm_p_p) StdoutLine: {'line': b'-- Found Boost: /usr/lib/x86_64-linux-gnu/cmake/Boost-1.74.0/BoostConfig.cmake (found version "1.74.0") found components: date_time filesystem program_options system thread \n'}
[14.796513] (-) TimerEvent: {}
[14.898574] (-) TimerEvent: {}
[14.941388] (openarm_p_p) StdoutLine: {'line': b'-- Found Boost: /usr/lib/x86_64-linux-gnu/cmake/Boost-1.74.0/BoostConfig.cmake (found version "1.74.0") found components: system filesystem date_time program_options thread chrono \n'}
[15.004463] (-) TimerEvent: {}
[15.105385] (-) TimerEvent: {}
[15.206928] (-) TimerEvent: {}
[15.308745] (-) TimerEvent: {}
[15.314586] (openarm_p_p) StdoutLine: {'line': b'-- Found Boost: /usr/lib/x86_64-linux-gnu/cmake/Boost-1.74.0/BoostConfig.cmake (found version "1.74.0") found components: thread system filesystem regex date_time program_options \n'}
[15.411522] (-) TimerEvent: {}
[15.513096] (-) TimerEvent: {}
[15.618905] (-) TimerEvent: {}
[15.726526] (-) TimerEvent: {}
[15.829422] (-) TimerEvent: {}
[15.932390] (-) TimerEvent: {}
[16.033401] (-) TimerEvent: {}
[16.045430] (openarm_p_p) StdoutLine: {'line': b'-- Found Boost: /usr/lib/x86_64-linux-gnu/cmake/Boost-1.74.0/BoostConfig.cmake (found version "1.74.0") found components: system filesystem date_time program_options thread \n'}
[16.135617] (-) TimerEvent: {}
[16.240957] (-) TimerEvent: {}
[16.343957] (-) TimerEvent: {}
[16.426234] (openarm_p_p) StdoutLine: {'line': b'-- Found ament_lint_auto: 0.12.14 (/opt/ros/humble/share/ament_lint_auto/cmake)\n'}
[16.444372] (-) TimerEvent: {}
[16.549095] (-) TimerEvent: {}
[16.654154] (-) TimerEvent: {}
[16.757473] (-) TimerEvent: {}
[16.861534] (-) TimerEvent: {}
[16.903450] (openarm_p_p) StderrLine: {'line': b"Error parsing '/home/endika/Documents/openarm_ros2/openarm_p_p/package.xml':\n"}
[16.964458] (-) TimerEvent: {}
[17.065369] (-) TimerEvent: {}
[17.166542] (-) TimerEvent: {}
[17.272447] (-) TimerEvent: {}
[17.378470] (-) TimerEvent: {}
[17.479641] (-) TimerEvent: {}
[17.587927] (-) TimerEvent: {}
[17.692663] (-) TimerEvent: {}
[17.796419] (-) TimerEvent: {}
[17.860548] (openarm_p_p) StderrLine: {'line': b'Traceback (most recent call last):\n'}
[17.861720] (openarm_p_p) StderrLine: {'line': b'  File "/usr/lib/python3/dist-packages/catkin_pkg/package.py", line 610, in parse_package_string\n'}
[17.862640] (openarm_p_p) StderrLine: {'line': b'    root = dom.parseString(data)\n'}
[17.882235] (openarm_p_p) StderrLine: {'line': b'  File "/usr/lib/python3.10/xml/dom/minidom.py", line 2000, in parseString\n'}
[17.883084] (openarm_p_p) StderrLine: {'line': b'    return expatbuilder.parseString(string)\n'}
[17.883498] (openarm_p_p) StderrLine: {'line': b'  File "/usr/lib/python3.10/xml/dom/expatbuilder.py", line 925, in parseString\n'}
[17.883828] (openarm_p_p) StderrLine: {'line': b'    return builder.parseString(string)\n'}
[17.884118] (openarm_p_p) StderrLine: {'line': b'  File "/usr/lib/python3.10/xml/dom/expatbuilder.py", line 223, in parseString\n'}
[17.896294] (openarm_p_p) StderrLine: {'line': b'    parser.Parse(string, True)\n'}
[17.896843] (-) TimerEvent: {}
[17.897248] (openarm_p_p) StderrLine: {'line': b'xml.parsers.expat.ExpatError: XML or text declaration not at start of entity: line 13, column 2\n'}
[17.897938] (openarm_p_p) StderrLine: {'line': b'\n'}
[17.898492] (openarm_p_p) StderrLine: {'line': b'During handling of the above exception, another exception occurred:\n'}
[17.899101] (openarm_p_p) StderrLine: {'line': b'\n'}
[17.908775] (openarm_p_p) StderrLine: {'line': b'Traceback (most recent call last):\n'}
[17.909287] (openarm_p_p) StderrLine: {'line': b'  File "/opt/ros/humble/share/ament_cmake_core/cmake/core/package_xml_2_cmake.py", line 150, in <module>\n'}
[17.909687] (openarm_p_p) StderrLine: {'line': b'    main()\n'}
[17.910166] (openarm_p_p) StderrLine: {'line': b'  File "/opt/ros/humble/share/ament_cmake_core/cmake/core/package_xml_2_cmake.py", line 53, in main\n'}
[17.910875] (openarm_p_p) StderrLine: {'line': b'    raise e\n'}
[17.911354] (openarm_p_p) StderrLine: {'line': b'  File "/opt/ros/humble/share/ament_cmake_core/cmake/core/package_xml_2_cmake.py", line 49, in main\n'}
[17.911797] (openarm_p_p) StderrLine: {'line': b'    package = parse_package_string(\n'}
[17.912246] (openarm_p_p) StderrLine: {'line': b'  File "/usr/lib/python3/dist-packages/catkin_pkg/package.py", line 612, in parse_package_string\n'}
[17.912630] (openarm_p_p) StderrLine: {'line': b"    raise InvalidPackage('The manifest contains invalid XML:\\n%s' % ex, filename)\n"}
[17.912948] (openarm_p_p) StderrLine: {'line': b"catkin_pkg.package.InvalidPackage: Error(s) in package '/home/endika/Documents/openarm_ros2/openarm_p_p/package.xml':\n"}
[17.913374] (openarm_p_p) StderrLine: {'line': b'The manifest contains invalid XML:\n'}
[17.913778] (openarm_p_p) StderrLine: {'line': b'XML or text declaration not at start of entity: line 13, column 2\n'}
[17.997038] (-) TimerEvent: {}
[18.098485] (-) TimerEvent: {}
[18.203095] (-) TimerEvent: {}
[18.282060] (openarm_p_p) StderrLine: {'line': b'\x1b[31mCMake Error at /opt/ros/humble/share/ament_cmake_core/cmake/core/ament_package_xml.cmake:95 (message):\n'}
[18.283201] (openarm_p_p) StderrLine: {'line': b'  execute_process(/usr/bin/python3\n'}
[18.283902] (openarm_p_p) StderrLine: {'line': b'  /opt/ros/humble/share/ament_cmake_core/cmake/core/package_xml_2_cmake.py\n'}
[18.289042] (openarm_p_p) StderrLine: {'line': b'  /home/endika/Documents/openarm_ros2/openarm_p_p/package.xml\n'}
[18.289495] (openarm_p_p) StderrLine: {'line': b'  /home/endika/Documents/openarm_ros2/build/openarm_p_p/ament_cmake_core/package.cmake)\n'}
[18.289827] (openarm_p_p) StderrLine: {'line': b'  returned error code 1\n'}
[18.290097] (openarm_p_p) StderrLine: {'line': b'Call Stack (most recent call first):\n'}
[18.290397] (openarm_p_p) StderrLine: {'line': b'  /opt/ros/humble/share/ament_cmake_core/cmake/core/ament_package_xml.cmake:49 (_ament_package_xml)\n'}
[18.290694] (openarm_p_p) StderrLine: {'line': b'  /opt/ros/humble/share/ament_lint_auto/cmake/ament_lint_auto_find_test_dependencies.cmake:31 (ament_package_xml)\n'}
[18.290957] (openarm_p_p) StderrLine: {'line': b'  CMakeLists.txt:55 (ament_lint_auto_find_test_dependencies)\n'}
[18.291216] (openarm_p_p) StderrLine: {'line': b'\n'}
[18.298714] (openarm_p_p) StderrLine: {'line': b'\x1b[0m\n'}
[18.304854] (openarm_p_p) StdoutLine: {'line': b'-- Configuring incomplete, errors occurred!\n'}
[18.305961] (-) TimerEvent: {}
[18.306562] (openarm_p_p) StdoutLine: {'line': b'See also "/home/endika/Documents/openarm_ros2/build/openarm_p_p/CMakeFiles/CMakeOutput.log".\n'}
[18.408555] (-) TimerEvent: {}
[18.464476] (openarm_p_p) CommandEnded: {'returncode': 1}
[18.475366] (openarm_p_p) JobEnded: {'identifier': 'openarm_p_p', 'rc': 1}
[18.485653] (-) EventReactorShutdown: {}
