[0.058s] Invoking command in '/home/endika/Documents/openarm_ros2/build/openarm_p_p': /usr/bin/cmake /home/endika/Documents/openarm_ros2/openarm_p_p -DCMAKE_INSTALL_PREFIX=/home/endika/Documents/openarm_ros2/install/openarm_p_p
[0.493s] -- The C compiler identification is GNU 11.4.0
[0.910s] -- The CXX compiler identification is GNU 11.4.0
[0.991s] -- Detecting C compiler ABI info
[1.620s] -- Detecting C compiler ABI info - done
[1.696s] -- Check for working C compiler: /usr/bin/cc - skipped
[1.709s] -- Detecting C compile features
[1.714s] -- Detecting C compile features - done
[1.772s] -- Detecting CXX compiler ABI info
[2.362s] -- Detecting CXX compiler ABI info - done
[2.476s] -- Check for working CXX compiler: /usr/bin/c++ - skipped
[2.481s] -- Detecting CXX compile features
[2.487s] -- Detecting CXX compile features - done
[2.513s] -- Found ament_cmake: 1.3.12 (/opt/ros/humble/share/ament_cmake/cmake)
[3.859s] -- Found Python3: /usr/bin/python3 (found version "3.10.12") found components: Interpreter 
[4.429s] -- Found rclcpp: 16.0.14 (/opt/ros/humble/share/rclcpp/cmake)
[4.828s] -- Found rosidl_generator_c: 3.1.7 (/opt/ros/humble/share/rosidl_generator_c/cmake)
[4.858s] -- Found rosidl_adapter: 3.1.7 (/opt/ros/humble/share/rosidl_adapter/cmake)
[4.924s] -- Found rosidl_generator_cpp: 3.1.7 (/opt/ros/humble/share/rosidl_generator_cpp/cmake)
[5.016s] -- Using all available rosidl_typesupport_c: rosidl_typesupport_fastrtps_c;rosidl_typesupport_introspection_c
[5.140s] -- Using all available rosidl_typesupport_cpp: rosidl_typesupport_fastrtps_cpp;rosidl_typesupport_introspection_cpp
[5.826s] -- Found rmw_implementation_cmake: 6.1.2 (/opt/ros/humble/share/rmw_implementation_cmake/cmake)
[5.864s] -- Found rmw_cyclonedds_cpp: 1.3.4 (/opt/ros/humble/share/rmw_cyclonedds_cpp/cmake)
[6.395s] -- Using RMW implementation 'rmw_cyclonedds_cpp' as default
[6.590s] -- Looking for pthread.h
[7.873s] -- Looking for pthread.h - found
[7.883s] -- Performing Test CMAKE_HAVE_LIBC_PTHREAD
[8.436s] -- Performing Test CMAKE_HAVE_LIBC_PTHREAD - Success
[8.448s] -- Found Threads: TRUE  
[8.782s] -- Found rclcpp_action: 16.0.14 (/opt/ros/humble/share/rclcpp_action/cmake)
[9.012s] -- Found moveit_core: 2.5.9 (/opt/ros/humble/share/moveit_core/cmake)
[9.392s] -- Found Boost: /usr/lib/x86_64-linux-gnu/cmake/Boost-1.74.0/BoostConfig.cmake (found version "1.74.0") found components: chrono date_time filesystem iostreams program_options regex serialization system thread 
[10.217s] -- Found parameter_traits: 0.5.0 (/opt/ros/humble/share/parameter_traits/cmake)
[10.391s] -- Found rclcpp_lifecycle: 16.0.14 (/opt/ros/humble/share/rclcpp_lifecycle/cmake)
[10.705s] -- Found Boost: /usr/lib/x86_64-linux-gnu/cmake/Boost-1.74.0/BoostConfig.cmake (found version "1.74.0") found components: filesystem 
[11.886s] -- library: /usr/lib/x86_64-linux-gnu/libcurl.so
[12.403s] -- Found Eigen3: TRUE (found version "3.4.0") 
[12.413s] -- Ensuring Eigen3 include directory is part of orocos-kdl CMake target
[14.692s] -- Found moveit_ros_planning_interface: 2.5.9 (/opt/ros/humble/share/moveit_ros_planning_interface/cmake)
[14.727s] -- Found Boost: /usr/lib/x86_64-linux-gnu/cmake/Boost-1.74.0/BoostConfig.cmake (found version "1.74.0") found components: date_time filesystem program_options system thread 
[14.939s] -- Found Boost: /usr/lib/x86_64-linux-gnu/cmake/Boost-1.74.0/BoostConfig.cmake (found version "1.74.0") found components: system filesystem date_time program_options thread chrono 
[15.310s] -- Found Boost: /usr/lib/x86_64-linux-gnu/cmake/Boost-1.74.0/BoostConfig.cmake (found version "1.74.0") found components: thread system filesystem regex date_time program_options 
[16.040s] -- Found Boost: /usr/lib/x86_64-linux-gnu/cmake/Boost-1.74.0/BoostConfig.cmake (found version "1.74.0") found components: system filesystem date_time program_options thread 
[16.421s] -- Found ament_lint_auto: 0.12.14 (/opt/ros/humble/share/ament_lint_auto/cmake)
[16.898s] Error parsing '/home/endika/Documents/openarm_ros2/openarm_p_p/package.xml':
[17.856s] Traceback (most recent call last):
[17.857s]   File "/usr/lib/python3/dist-packages/catkin_pkg/package.py", line 610, in parse_package_string
[17.857s]     root = dom.parseString(data)
[17.877s]   File "/usr/lib/python3.10/xml/dom/minidom.py", line 2000, in parseString
[17.878s]     return expatbuilder.parseString(string)
[17.878s]   File "/usr/lib/python3.10/xml/dom/expatbuilder.py", line 925, in parseString
[17.878s]     return builder.parseString(string)
[17.882s]   File "/usr/lib/python3.10/xml/dom/expatbuilder.py", line 223, in parseString
[17.891s]     parser.Parse(string, True)
[17.892s] xml.parsers.expat.ExpatError: XML or text declaration not at start of entity: line 13, column 2
[17.893s] 
[17.893s] During handling of the above exception, another exception occurred:
[17.903s] 
[17.904s] Traceback (most recent call last):
[17.904s]   File "/opt/ros/humble/share/ament_cmake_core/cmake/core/package_xml_2_cmake.py", line 150, in <module>
[17.904s]     main()
[17.905s]   File "/opt/ros/humble/share/ament_cmake_core/cmake/core/package_xml_2_cmake.py", line 53, in main
[17.906s]     raise e
[17.906s]   File "/opt/ros/humble/share/ament_cmake_core/cmake/core/package_xml_2_cmake.py", line 49, in main
[17.906s]     package = parse_package_string(
[17.907s]   File "/usr/lib/python3/dist-packages/catkin_pkg/package.py", line 612, in parse_package_string
[17.907s]     raise InvalidPackage('The manifest contains invalid XML:\n%s' % ex, filename)
[17.908s] catkin_pkg.package.InvalidPackage: Error(s) in package '/home/endika/Documents/openarm_ros2/openarm_p_p/package.xml':
[17.908s] The manifest contains invalid XML:
[17.908s] XML or text declaration not at start of entity: line 13, column 2
[18.277s] [31mCMake Error at /opt/ros/humble/share/ament_cmake_core/cmake/core/ament_package_xml.cmake:95 (message):
[18.278s]   execute_process(/usr/bin/python3
[18.279s]   /opt/ros/humble/share/ament_cmake_core/cmake/core/package_xml_2_cmake.py
[18.284s]   /home/endika/Documents/openarm_ros2/openarm_p_p/package.xml
[18.284s]   /home/endika/Documents/openarm_ros2/build/openarm_p_p/ament_cmake_core/package.cmake)
[18.284s]   returned error code 1
[18.285s] Call Stack (most recent call first):
[18.285s]   /opt/ros/humble/share/ament_cmake_core/cmake/core/ament_package_xml.cmake:49 (_ament_package_xml)
[18.285s]   /opt/ros/humble/share/ament_lint_auto/cmake/ament_lint_auto_find_test_dependencies.cmake:31 (ament_package_xml)
[18.286s]   CMakeLists.txt:55 (ament_lint_auto_find_test_dependencies)
[18.293s] 
[18.293s] [0m
[18.300s] -- Configuring incomplete, errors occurred!
[18.301s] See also "/home/endika/Documents/openarm_ros2/build/openarm_p_p/CMakeFiles/CMakeOutput.log".
[18.460s] Invoked command in '/home/endika/Documents/openarm_ros2/build/openarm_p_p' returned '1': /usr/bin/cmake /home/endika/Documents/openarm_ros2/openarm_p_p -DCMAKE_INSTALL_PREFIX=/home/endika/Documents/openarm_ros2/install/openarm_p_p
